objc[85304]: Class GNotificationCenterDelegate is implemented in both /Users/abelespinozaviguera/apprueba-backend/node_modules/canvas/build/Release/libgio-2.0.0.dylib (0x1149676d0) and /Users/abelespinozaviguera/apprueba-backend/node_modules/@img/sharp-libvips-darwin-x64/lib/libvips-cpp.8.17.3.dylib (0x1172ccb30). This may cause spurious casting failures and mysterious crashes. One of the duplicates must be removed or renamed.
Base de datos lista ✅
Backend corriendo en puerto 3001 🚀
[2026-04-13T21:28:25.762Z] [PID: 85304] [32m[NODE-CRON][32m [33m[WARN][0m missed execution at Mon Apr 13 2026 17:00:00 GMT-0400 (Chile Standard Time)! Possible blocking IO or high CPU user at the same process used by node-cron.
[2026-04-13T21:28:25.804Z] [PID: 85304] [32m[NODE-CRON][32m [33m[WARN][0m missed execution at Mon Apr 13 2026 17:00:00 GMT-0400 (Chile Standard Time)! Possible blocking IO or high CPU user at the same process used by node-cron.
[2026-04-13T21:28:25.820Z] [PID: 85304] [32m[NODE-CRON][32m [33m[WARN][0m missed execution at Mon Apr 13 2026 17:15:00 GMT-0400 (Chile Standard Time)! Possible blocking IO or high CPU user at the same process used by node-cron.
[2026-04-13T21:33:45.948Z] [PID: 85304] [32m[NODE-CRON][32m [33m[WARN][0m missed execution at Mon Apr 13 2026 17:30:00 GMT-0400 (Chile Standard Time)! Possible blocking IO or high CPU user at the same process used by node-cron.
[2026-04-13T21:33:45.981Z] [PID: 85304] [32m[NODE-CRON][32m [33m[WARN][0m missed execution at Mon Apr 13 2026 17:30:00 GMT-0400 (Chile Standard Time)! Possible blocking IO or high CPU user at the same process used by node-cron.
[2026-04-13T22:27:40.931Z] [PID: 85304] [32m[NODE-CRON][32m [33m[WARN][0m missed execution at Mon Apr 13 2026 17:45:00 GMT-0400 (Chile Standard Time)! Possible blocking IO or high CPU user at the same process used by node-cron.
[2026-04-13T22:27:40.941Z] [PID: 85304] [32m[NODE-CRON][32m [33m[WARN][0m missed execution at Mon Apr 13 2026 18:00:00 GMT-0400 (Chile Standard Time)! Possible blocking IO or high CPU user at the same process used by node-cron.
[2026-04-13T22:27:40.946Z] [PID: 85304] [32m[NODE-CRON][32m [33m[WARN][0m missed execution at Mon Apr 13 2026 18:15:00 GMT-0400 (Chile Standard Time)! Possible blocking IO or high CPU user at the same process used by node-cron.
[2026-04-13T22:27:40.957Z] [PID: 85304] [32m[NODE-CRON][32m [33m[WARN][0m missed execution at Mon Apr 13 2026 18:00:00 GMT-0400 (Chile Standard Time)! Possible blocking IO or high CPU user at the same process used by node-cron.
[2026-04-13T22:43:41.129Z] [PID: 85304] [32m[NODE-CRON][32m [33m[WARN][0m missed execution at Mon Apr 13 2026 18:30:00 GMT-0400 (Chile Standard Time)! Possible blocking IO or high CPU user at the same process used by node-cron.
[2026-04-13T22:43:41.139Z] [PID: 85304] [32m[NODE-CRON][32m [33m[WARN][0m missed execution at Mon Apr 13 2026 18:30:00 GMT-0400 (Chile Standard Time)! Possible blocking IO or high CPU user at the same process used by node-cron.
[2026-04-13T22:53:11.793Z] [PID: 85304] [32m[NODE-CRON][32m [33m[WARN][0m missed execution at Mon Apr 13 2026 18:45:00 GMT-0400 (Chile Standard Time)! Possible blocking IO or high CPU user at the same process used by node-cron.
[2026-04-13T23:09:11.837Z] [PID: 85304] [32m[NODE-CRON][32m [33m[WARN][0m missed execution at Mon Apr 13 2026 19:00:00 GMT-0400 (Chile Standard Time)! Possible blocking IO or high CPU user at the same process used by node-cron.
[2026-04-13T23:09:11.867Z] [PID: 85304] [32m[NODE-CRON][32m [33m[WARN][0m missed execution at Mon Apr 13 2026 19:00:00 GMT-0400 (Chile Standard Time)! Possible blocking IO or high CPU user at the same process used by node-cron.
[2026-04-13T23:24:42.038Z] [PID: 85304] [32m[NODE-CRON][32m [33m[WARN][0m missed execution at Mon Apr 13 2026 19:15:00 GMT-0400 (Chile Standard Time)! Possible blocking IO or high CPU user at the same process used by node-cron.
[2026-04-13T23:40:42.176Z] [PID: 85304] [32m[NODE-CRON][32m [33m[WARN][0m missed execution at Mon Apr 13 2026 19:30:00 GMT-0400 (Chile Standard Time)! Possible blocking IO or high CPU user at the same process used by node-cron.
[2026-04-13T23:40:42.209Z] [PID: 85304] [32m[NODE-CRON][32m [33m[WARN][0m missed execution at Mon Apr 13 2026 19:30:00 GMT-0400 (Chile Standard Time)! Possible blocking IO or high CPU user at the same process used by node-cron.
[2026-04-13T23:54:18.171Z] [PID: 85304] [32m[NODE-CRON][32m [33m[WARN][0m missed execution at Mon Apr 13 2026 19:45:00 GMT-0400 (Chile Standard Time)! Possible blocking IO or high CPU user at the same process used by node-cron.
[2026-04-14T00:09:49.629Z] [PID: 85304] [32m[NODE-CRON][32m [33m[WARN][0m missed execution at Mon Apr 13 2026 20:00:00 GMT-0400 (Chile Standard Time)! Possible blocking IO or high CPU user at the same process used by node-cron.
[2026-04-14T00:09:49.989Z] [PID: 85304] [32m[NODE-CRON][32m [33m[WARN][0m missed execution at Mon Apr 13 2026 20:00:00 GMT-0400 (Chile Standard Time)! Possible blocking IO or high CPU user at the same process used by node-cron.
[2026-04-14T00:25:49.093Z] [PID: 85304] [32m[NODE-CRON][32m [33m[WARN][0m missed execution at Mon Apr 13 2026 20:15:00 GMT-0400 (Chile Standard Time)! Possible blocking IO or high CPU user at the same process used by node-cron.
[2026-04-14T00:41:49.322Z] [PID: 85304] [32m[NODE-CRON][32m [33m[WARN][0m missed execution at Mon Apr 13 2026 20:30:00 GMT-0400 (Chile Standard Time)! Possible blocking IO or high CPU user at the same process used by node-cron.
[2026-04-14T00:41:49.348Z] [PID: 85304] [32m[NODE-CRON][32m [33m[WARN][0m missed execution at Mon Apr 13 2026 20:30:00 GMT-0400 (Chile Standard Time)! Possible blocking IO or high CPU user at the same process used by node-cron.
[2026-04-14T00:55:12.407Z] [PID: 85304] [32m[NODE-CRON][32m [33m[WARN][0m missed execution at Mon Apr 13 2026 20:45:00 GMT-0400 (Chile Standard Time)! Possible blocking IO or high CPU user at the same process used by node-cron.
[2026-04-14T01:11:12.543Z] [PID: 85304] [32m[NODE-CRON][32m [33m[WARN][0m missed execution at Mon Apr 13 2026 21:00:00 GMT-0400 (Chile Standard Time)! Possible blocking IO or high CPU user at the same process used by node-cron.
[2026-04-14T01:11:12.568Z] [PID: 85304] [32m[NODE-CRON][32m [33m[WARN][0m missed execution at Mon Apr 13 2026 21:00:00 GMT-0400 (Chile Standard Time)! Possible blocking IO or high CPU user at the same process used by node-cron.
[2026-04-14T01:26:42.603Z] [PID: 85304] [32m[NODE-CRON][32m [33m[WARN][0m missed execution at Mon Apr 13 2026 21:15:00 GMT-0400 (Chile Standard Time)! Possible blocking IO or high CPU user at the same process used by node-cron.
[2026-04-14T01:42:42.921Z] [PID: 85304] [32m[NODE-CRON][32m [33m[WARN][0m missed execution at Mon Apr 13 2026 21:30:00 GMT-0400 (Chile Standard Time)! Possible blocking IO or high CPU user at the same process used by node-cron.
[2026-04-14T01:42:42.954Z] [PID: 85304] [32m[NODE-CRON][32m [33m[WARN][0m missed execution at Mon Apr 13 2026 21:30:00 GMT-0400 (Chile Standard Time)! Possible blocking IO or high CPU user at the same process used by node-cron.
[2026-04-14T01:56:01.352Z] [PID: 85304] [32m[NODE-CRON][32m [33m[WARN][0m missed execution at Mon Apr 13 2026 21:45:00 GMT-0400 (Chile Standard Time)! Possible blocking IO or high CPU user at the same process used by node-cron.
[2026-04-14T02:12:01.532Z] [PID: 85304] [32m[NODE-CRON][32m [33m[WARN][0m missed execution at Mon Apr 13 2026 22:00:00 GMT-0400 (Chile Standard Time)! Possible blocking IO or high CPU user at the same process used by node-cron.
[2026-04-14T02:12:01.541Z] [PID: 85304] [32m[NODE-CRON][32m [33m[WARN][0m missed execution at Mon Apr 13 2026 22:00:00 GMT-0400 (Chile Standard Time)! Possible blocking IO or high CPU user at the same process used by node-cron.
[2026-04-14T02:28:01.683Z] [PID: 85304] [32m[NODE-CRON][32m [33m[WARN][0m missed execution at Mon Apr 13 2026 22:15:00 GMT-0400 (Chile Standard Time)! Possible blocking IO or high CPU user at the same process used by node-cron.
[2026-04-14T02:43:31.816Z] [PID: 85304] [32m[NODE-CRON][32m [33m[WARN][0m missed execution at Mon Apr 13 2026 22:30:00 GMT-0400 (Chile Standard Time)! Possible blocking IO or high CPU user at the same process used by node-cron.
[2026-04-14T02:43:31.827Z] [PID: 85304] [32m[NODE-CRON][32m [33m[WARN][0m missed execution at Mon Apr 13 2026 22:30:00 GMT-0400 (Chile Standard Time)! Possible blocking IO or high CPU user at the same process used by node-cron.
[2026-04-14T02:57:11.845Z] [PID: 85304] [32m[NODE-CRON][32m [33m[WARN][0m missed execution at Mon Apr 13 2026 22:45:00 GMT-0400 (Chile Standard Time)! Possible blocking IO or high CPU user at the same process used by node-cron.
[2026-04-14T03:12:41.999Z] [PID: 85304] [32m[NODE-CRON][32m [33m[WARN][0m missed execution at Mon Apr 13 2026 23:00:00 GMT-0400 (Chile Standard Time)! Possible blocking IO or high CPU user at the same process used by node-cron.
[2026-04-14T03:28:12.343Z] [PID: 85304] [32m[NODE-CRON][32m [33m[WARN][0m missed execution at Mon Apr 13 2026 23:15:00 GMT-0400 (Chile Standard Time)! Possible blocking IO or high CPU user at the same process used by node-cron.
[2026-04-14T03:44:11.760Z] [PID: 85304] [32m[NODE-CRON][32m [33m[WARN][0m missed execution at Mon Apr 13 2026 23:30:00 GMT-0400 (Chile Standard Time)! Possible blocking IO or high CPU user at the same process used by node-cron.
[2026-04-14T03:58:10.640Z] [PID: 85304] [32m[NODE-CRON][32m [33m[WARN][0m missed execution at Mon Apr 13 2026 23:45:00 GMT-0400 (Chile Standard Time)! Possible blocking IO or high CPU user at the same process used by node-cron.
[2026-04-14T04:13:40.017Z] [PID: 85304] [32m[NODE-CRON][32m [33m[WARN][0m missed execution at Tue Apr 14 2026 00:00:00 GMT-0400 (Chile Standard Time)! Possible blocking IO or high CPU user at the same process used by node-cron.
[2026-04-14T04:29:39.990Z] [PID: 85304] [32m[NODE-CRON][32m [33m[WARN][0m missed execution at Tue Apr 14 2026 00:15:00 GMT-0400 (Chile Standard Time)! Possible blocking IO or high CPU user at the same process used by node-cron.
[2026-04-14T04:45:40.085Z] [PID: 85304] [32m[NODE-CRON][32m [33m[WARN][0m missed execution at Tue Apr 14 2026 00:45:00 GMT-0400 (Chile Standard Time)! Possible blocking IO or high CPU user at the same process used by node-cron.
[2026-04-14T05:11:32.310Z] [PID: 85304] [32m[NODE-CRON][32m [33m[WARN][0m missed execution at Tue Apr 14 2026 01:00:00 GMT-0400 (Chile Standard Time)! Possible blocking IO or high CPU user at the same process used by node-cron.
[2026-04-14T05:27:02.486Z] [PID: 85304] [32m[NODE-CRON][32m [33m[WARN][0m missed execution at Tue Apr 14 2026 01:15:00 GMT-0400 (Chile Standard Time)! Possible blocking IO or high CPU user at the same process used by node-cron.
[2026-04-14T05:42:32.620Z] [PID: 85304] [32m[NODE-CRON][32m [33m[WARN][0m missed execution at Tue Apr 14 2026 01:30:00 GMT-0400 (Chile Standard Time)! Possible blocking IO or high CPU user at the same process used by node-cron.
[2026-04-14T05:58:32.781Z] [PID: 85304] [32m[NODE-CRON][32m [33m[WARN][0m missed execution at Tue Apr 14 2026 01:45:00 GMT-0400 (Chile Standard Time)! Possible blocking IO or high CPU user at the same process used by node-cron.
[2026-04-14T06:00:09.620Z] [PID: 85304] [32m[NODE-CRON][32m [33m[WARN][0m missed execution at Tue Apr 14 2026 02:00:00 GMT-0400 (Chile Standard Time)! Possible blocking IO or high CPU user at the same process used by node-cron.
[2026-04-14T06:16:08.983Z] [PID: 85304] [32m[NODE-CRON][32m [33m[WARN][0m missed execution at Tue Apr 14 2026 02:15:00 GMT-0400 (Chile Standard Time)! Possible blocking IO or high CPU user at the same process used by node-cron.
[2026-04-14T06:32:09.215Z] [PID: 85304] [32m[NODE-CRON][32m [33m[WARN][0m missed execution at Tue Apr 14 2026 02:30:00 GMT-0400 (Chile Standard Time)! Possible blocking IO or high CPU user at the same process used by node-cron.
[2026-04-14T06:48:08.768Z] [PID: 85304] [32m[NODE-CRON][32m [33m[WARN][0m missed execution at Tue Apr 14 2026 02:45:00 GMT-0400 (Chile Standard Time)! Possible blocking IO or high CPU user at the same process used by node-cron.
[2026-04-14T07:01:14.013Z] [PID: 85304] [32m[NODE-CRON][32m [33m[WARN][0m missed execution at Tue Apr 14 2026 03:00:00 GMT-0400 (Chile Standard Time)! Possible blocking IO or high CPU user at the same process used by node-cron.
[2026-04-14T07:17:14.274Z] [PID: 85304] [32m[NODE-CRON][32m [33m[WARN][0m missed execution at Tue Apr 14 2026 03:15:00 GMT-0400 (Chile Standard Time)! Possible blocking IO or high CPU user at the same process used by node-cron.
[2026-04-14T07:33:14.531Z] [PID: 85304] [32m[NODE-CRON][32m [33m[WARN][0m missed execution at Tue Apr 14 2026 03:30:00 GMT-0400 (Chile Standard Time)! Possible blocking IO or high CPU user at the same process used by node-cron.
[2026-04-14T07:48:46.517Z] [PID: 85304] [32m[NODE-CRON][32m [33m[WARN][0m missed execution at Tue Apr 14 2026 03:45:00 GMT-0400 (Chile Standard Time)! Possible blocking IO or high CPU user at the same process used by node-cron.
[2026-04-14T08:02:19.723Z] [PID: 85304] [32m[NODE-CRON][32m [33m[WARN][0m missed execution at Tue Apr 14 2026 04:00:00 GMT-0400 (Chile Standard Time)! Possible blocking IO or high CPU user at the same process used by node-cron.
[2026-04-14T08:18:19.791Z] [PID: 85304] [32m[NODE-CRON][32m [33m[WARN][0m missed execution at Tue Apr 14 2026 04:15:00 GMT-0400 (Chile Standard Time)! Possible blocking IO or high CPU user at the same process used by node-cron.
[2026-04-14T08:34:19.933Z] [PID: 85304] [32m[NODE-CRON][32m [33m[WARN][0m missed execution at Tue Apr 14 2026 04:30:00 GMT-0400 (Chile Standard Time)! Possible blocking IO or high CPU user at the same process used by node-cron.
[2026-04-14T08:49:50.190Z] [PID: 85304] [32m[NODE-CRON][32m [33m[WARN][0m missed execution at Tue Apr 14 2026 04:45:00 GMT-0400 (Chile Standard Time)! Possible blocking IO or high CPU user at the same process used by node-cron.
[2026-04-14T10:13:49.656Z] [PID: 85304] [32m[NODE-CRON][32m [33m[WARN][0m missed execution at Tue Apr 14 2026 05:00:00 GMT-0400 (Chile Standard Time)! Possible blocking IO or high CPU user at the same process used by node-cron.
[2026-04-14T10:13:49.660Z] [PID: 85304] [32m[NODE-CRON][32m [33m[WARN][0m missed execution at Tue Apr 14 2026 05:15:00 GMT-0400 (Chile Standard Time)! Possible blocking IO or high CPU user at the same process used by node-cron.
[2026-04-14T10:13:49.663Z] [PID: 85304] [32m[NODE-CRON][32m [33m[WARN][0m missed execution at Tue Apr 14 2026 05:30:00 GMT-0400 (Chile Standard Time)! Possible blocking IO or high CPU user at the same process used by node-cron.
[2026-04-14T10:13:49.665Z] [PID: 85304] [32m[NODE-CRON][32m [33m[WARN][0m missed execution at Tue Apr 14 2026 05:45:00 GMT-0400 (Chile Standard Time)! Possible blocking IO or high CPU user at the same process used by node-cron.
[2026-04-14T10:13:49.668Z] [PID: 85304] [32m[NODE-CRON][32m [33m[WARN][0m missed execution at Tue Apr 14 2026 06:00:00 GMT-0400 (Chile Standard Time)! Possible blocking IO or high CPU user at the same process used by node-cron.
[2026-04-14T11:15:06.474Z] [PID: 85304] [32m[NODE-CRON][32m [33m[WARN][0m missed execution at Tue Apr 14 2026 06:15:00 GMT-0400 (Chile Standard Time)! Possible blocking IO or high CPU user at the same process used by node-cron.
[2026-04-14T11:15:06.483Z] [PID: 85304] [32m[NODE-CRON][32m [33m[WARN][0m missed execution at Tue Apr 14 2026 06:30:00 GMT-0400 (Chile Standard Time)! Possible blocking IO or high CPU user at the same process used by node-cron.
[2026-04-14T11:15:06.493Z] [PID: 85304] [32m[NODE-CRON][32m [33m[WARN][0m missed execution at Tue Apr 14 2026 06:45:00 GMT-0400 (Chile Standard Time)! Possible blocking IO or high CPU user at the same process used by node-cron.
[2026-04-14T11:15:06.503Z] [PID: 85304] [32m[NODE-CRON][32m [33m[WARN][0m missed execution at Tue Apr 14 2026 07:00:00 GMT-0400 (Chile Standard Time)! Possible blocking IO or high CPU user at the same process used by node-cron.
[2026-04-14T11:15:06.512Z] [PID: 85304] [32m[NODE-CRON][32m [33m[WARN][0m missed execution at Tue Apr 14 2026 07:15:00 GMT-0400 (Chile Standard Time)! Possible blocking IO or high CPU user at the same process used by node-cron.
[2026-04-14T11:15:06.536Z] [PID: 85304] [32m[NODE-CRON][32m [33m[WARN][0m missed execution at Tue Apr 14 2026 07:00:00 GMT-0400 (Chile Standard Time)! Possible blocking IO or high CPU user at the same process used by node-cron.
[2026-04-14T12:14:30.899Z] [PID: 85304] [32m[NODE-CRON][32m [33m[WARN][0m missed execution at Tue Apr 14 2026 07:30:00 GMT-0400 (Chile Standard Time)! Possible blocking IO or high CPU user at the same process used by node-cron.
[2026-04-14T12:14:30.906Z] [PID: 85304] [32m[NODE-CRON][32m [33m[WARN][0m missed execution at Tue Apr 14 2026 07:45:00 GMT-0400 (Chile Standard Time)! Possible blocking IO or high CPU user at the same process used by node-cron.
[2026-04-14T12:14:30.911Z] [PID: 85304] [32m[NODE-CRON][32m [33m[WARN][0m missed execution at Tue Apr 14 2026 08:00:00 GMT-0400 (Chile Standard Time)! Possible blocking IO or high CPU user at the same process used by node-cron.
[2026-04-14T12:14:30.922Z] [PID: 85304] [32m[NODE-CRON][32m [33m[WARN][0m missed execution at Tue Apr 14 2026 07:30:00 GMT-0400 (Chile Standard Time)! Possible blocking IO or high CPU user at the same process used by node-cron.
[2026-04-14T12:14:30.926Z] [PID: 85304] [32m[NODE-CRON][32m [33m[WARN][0m missed execution at Tue Apr 14 2026 08:00:00 GMT-0400 (Chile Standard Time)! Possible blocking IO or high CPU user at the same process used by node-cron.
